00:00 +0: loading C:/Users/HP/StudioProjects/PasscodeSystem/test/widget_test.dart
00:00 +0: PasscodeProvider starts with empty entered list
00:00 +1: PasscodeProvider adds digit correctly
00:00 +2: PasscodeProvider detects correct passcode (1234)
00:00 +3: PasscodeProvider detects wrong passcode
00:00 +4: PasscodeProvider clear resets state
00:00 +5: All tests passed!
